---
source: tests/echo.rs
expression: std_to_string(&mut main.stdout)
---
[Running 'echo with error && false']
with error
[Finished running. Exit status: 1]

