---
created: "2019-01-27T03:24:54.463513948+00:00"
creator: insta@0.5.2
expression: "std::str::from_utf8(&out.stderr).unwrap()"
source: tests/echo.rs
---

